// Jest Snapshot v1, https://goo.gl/fbAQLP

exports[`Tests on <SearchScreen /> It must show the default values correctly 1`] = `
<div>
  <h1>
    Search Screen
  </h1>
  <hr />
  <div
    className="row animate__animated animate__fadeIn"
  >
    <div
      className="col-5"
    >
      <h4>
        Search Form
      </h4>
      <hr />
      <form
        onSubmit={[Function]}
      >
        <input
          autoComplete="off"
          className="form-control"
          name="searchHero"
          onChange={[Function]}
          placeholder="Find your hero"
          type="text"
          value=""
        />
        <button
          className="btn m-1 btn-block btn-outline-primary"
          type="submit"
        >
          Search...
        </button>
      </form>
    </div>
    <div
      className="col-7"
    >
      <h4>
         Results 
      </h4>
      <hr />
      <div
        className="alert alert-info"
      >
        Search a hero
      </div>
    </div>
  </div>
</div>
`;
