// Jest Snapshot v1, https://goo.gl/fbAQLP

exports[`Tests on <HeroScreen /> It must show correctly 1`] = `""`;
